2026-03-05T07:38:49+00:00 INFO Payment gateway enabled: "Cash on delivery"
2026-03-05T07:39:07+00:00 INFO Payment gateway enabled: "Direct bank transfer"
2026-03-05T07:39:16+00:00 INFO Payment gateway enabled: "Check payments"
2026-03-05T07:44:16+00:00 DEBUG Attempted to determine the edit URL for order 12345, however the order does not exist.
2026-03-05T07:44:16+00:00 DEBUG Attempted to determine the edit URL for order 12345, however the order does not exist.
2026-03-05T07:44:39+00:00 DEBUG Attempted to determine the edit URL for order 12345, however the order does not exist.
2026-03-05T07:44:39+00:00 DEBUG Attempted to determine the edit URL for order 12345, however the order does not exist.
2026-03-05T07:44:52+00:00 DEBUG Attempted to determine the edit URL for order 12345, however the order does not exist.
2026-03-05T07:44:52+00:00 DEBUG Attempted to determine the edit URL for order 12345, however the order does not exist.
2026-03-05T07:45:02+00:00 DEBUG Attempted to determine the edit URL for order 12345, however the order does not exist.
2026-03-05T07:45:02+00:00 DEBUG Attempted to determine the edit URL for order 12345, however the order does not exist.
2026-03-05T07:45:13+00:00 DEBUG Attempted to determine the edit URL for order 12345, however the order does not exist.
2026-03-05T07:45:13+00:00 DEBUG Attempted to determine the edit URL for order 12345, however the order does not exist.
2026-03-05T07:45:24+00:00 DEBUG Attempted to determine the edit URL for order 12345, however the order does not exist.
2026-03-05T07:45:24+00:00 DEBUG Attempted to determine the edit URL for order 12345, however the order does not exist.
2026-03-05T07:48:59+00:00 DEBUG Attempted to determine the edit URL for order 12345, however the order does not exist.
2026-03-05T07:48:59+00:00 DEBUG Attempted to determine the edit URL for order 12345, however the order does not exist.
2026-03-05T07:49:10+00:00 DEBUG Attempted to determine the edit URL for order 12345, however the order does not exist.
2026-03-05T07:49:10+00:00 DEBUG Attempted to determine the edit URL for order 12345, however the order does not exist.
2026-03-05T08:25:29+00:00 DEBUG Attempted to determine the edit URL for order 12345, however the order does not exist.
2026-03-05T08:25:29+00:00 DEBUG Attempted to determine the edit URL for order 12345, however the order does not exist.
2026-03-05T08:25:59+00:00 DEBUG Attempted to determine the edit URL for order 12345, however the order does not exist.
2026-03-05T08:25:59+00:00 DEBUG Attempted to determine the edit URL for order 12345, however the order does not exist.
2026-03-05T08:27:11+00:00 DEBUG Attempted to determine the edit URL for order 12345, however the order does not exist.
2026-03-05T08:27:11+00:00 DEBUG Attempted to determine the edit URL for order 12345, however the order does not exist.
2026-03-05T08:31:25+00:00 INFO Payment gateway enabled: "SSLCOMMERZ"
